=== RAPPORT D'ANALYSE DES TESTS - MANGATHEQUE ===
Date: 2025-08-02 17:25:31
================================================

ExÃ©cution des tests principaux...
 PHPUnit 11.5.27 by Sebastian Bergmann and contributors.

Runtime:       PHP 8.2.18
Configuration: C:\Users\red68\Downloads\Mangatek\manga\phpunit.dist.xml

....D..D.................................                         41 / 41 (100%)

Time: 00:06.150, Memory: 84.00 MB

There were 3 PHPUnit test runner warnings:

1) Class App\Tests\Controller\AbstractControllerTest declared in C:\Users\red68\Downloads\Mangatek\manga\tests\Controller\AbstractControllerTest.php is abstract

2) Class CommentaireControllerTest cannot be found in C:\Users\red68\Downloads\Mangatek\manga\tests\Controller\Api\CommentaireControllerTest.php

3) XDEBUG_MODE=coverage (environment variable) or xdebug.mode=coverage (PHP configuration setting) has to be set

--

2 tests triggered 4 deprecations:

1) C:\Users\red68\Downloads\Mangatek\manga\vendor\symfony\validator\Constraints\NotBlank.php:47
Since symfony/validator 7.3: Passing an array of options to configure the "Symfony\Component\Validator\Constraints\NotBlank" constraint is deprecated, use named arguments instead.

Triggered by:

* App\Tests\Controller\SecurityControllerTest::testRegistrationPage (3 times)
  C:\Users\red68\Downloads\Mangatek\manga\tests\Controller\SecurityControllerTest.php:50

2) C:\Users\red68\Downloads\Mangatek\manga\vendor\symfony\validator\Constraints\Length.php:88
Since symfony/validator 7.3: Passing an array of options to configure the "Symfony\Component\Validator\Constraints\Length" constraint is deprecated, use named arguments instead.

Triggered by:

* App\Tests\Controller\SecurityControllerTest::testRegistrationPage (2 times)
  C:\Users\red68\Downloads\Mangatek\manga\tests\Controller\SecurityControllerTest.php:50

3) C:\Users\red68\Downloads\Mangatek\manga\vendor\symfony\validator\Constraints\IsTrue.php:41
Since symfony/validator 7.3: Passing an array of options to configure the "Symfony\Component\Validator\Constraints\IsTrue" constraint is deprecated, use named arguments instead.

Triggered by:

* App\Tests\Controller\SecurityControllerTest::testRegistrationPage
  C:\Users\red68\Downloads\Mangatek\manga\tests\Controller\SecurityControllerTest.php:50

4) C:\Users\red68\Downloads\Mangatek\manga\vendor\symfony\validator\Constraints\Url.php:68
Since symfony/validator 7.1: Not passing a value for the "requireTld" option to the Url constraint is deprecated. Its default value will change to "true".

Triggered by:

* App\Tests\Entity\OeuvreTest::testValidation
  C:\Users\red68\Downloads\Mangatek\manga\tests\Entity\OeuvreTest.php:22

OK, but there were issues!
Tests: 41, Assertions: 89, PHPUnit Warnings: 3, Deprecations: 4.

=== ANALYSE DETAILLEE PAR CATEGORIE ===

1. TESTS D'ENTITES:
PHPUnit 11.5.27 by Sebastian Bergmann and contributors.

Runtime:       PHP 8.2.18
Configuration: C:\Users\red68\Downloads\Mangatek\manga\phpunit.dist.xml

..D.                                                                4 / 4 (100%)

Time: 00:00.939, Memory: 34.00 MB

Commentaire (App\Tests\Entity\Commentaire)
 Ô£ö Validation
 Ô£ö Relations

Oeuvre (App\Tests\Entity\Oeuvre)
 ÔÜá Validation
 Ô£ö Relations

1 test triggered 1 deprecation:

1) C:\Users\red68\Downloads\Mangatek\manga\vendor\symfony\validator\Constraints\Url.php:68
Since symfony/validator 7.1: Not passing a value for the "requireTld" option to the Url constraint is deprecated. Its default value will change to "true".

Triggered by:

* App\Tests\Entity\OeuvreTest::testValidation
  C:\Users\red68\Downloads\Mangatek\manga\tests\Entity\OeuvreTest.php:22

OK, but there were issues!
Tests: 4, Assertions: 14, Deprecations: 1.

2. TESTS DE SERVICE:
PHPUnit 11.5.27 by Sebastian Bergmann and contributors.

Runtime:       PHP 8.2.18
Configuration: C:\Users\red68\Downloads\Mangatek\manga\phpunit.dist.xml

.........................                                         25 / 25 (100%)

Time: 00:00.052, Memory: 10.00 MB

Cover Service (App\Tests\Service\CoverService)
 Ô£ö Search and download cover success
 Ô£ö Search and download cover no results
 Ô£ö Search and download cover no image links
 Ô£ö Search and download cover http error
 Ô£ö Search and download cover exception
 Ô£ö Title matches exact
 Ô£ö Title matches case insensitive
 Ô£ö Title matches partial
 Ô£ö Title matches similar
 Ô£ö Title matches no match
 Ô£ö Get image extension from mime type
 Ô£ö Get image extension from url
 Ô£ö Get image extension fallback
 Ô£ö Generate filename
 Ô£ö Generate filename with special chars
 Ô£ö Generate filename with multiple underscores
 Ô£ö Get placeholder url
 Ô£ö Delete cover success
 Ô£ö Delete cover file not exists
 Ô£ö Search and download cover with different image sizes
 Ô£ö Search and download cover with author

Manga Dx Service (App\Tests\Service\MangaDxService)
 Ô£ö Get popular manga
 Ô£ö Get manga by id
 Ô£ö Search manga
 Ô£ö Get manga chapters

OK (25 tests, 46 assertions)

3. TESTS DE CONTROLEURS:
 PHPUnit 11.5.27 by Sebastian Bergmann and contributors.

Runtime:       PHP 8.2.18
Configuration: C:\Users\red68\Downloads\Mangatek\manga\phpunit.dist.xml

....D                                                               5 / 5 (100%)

Time: 00:00.951, Memory: 50.00 MB

Oeuvre Controller (App\Tests\Controller\OeuvreController)
 Ô£ö Oeuvre list page
 Ô£ö Oeuvre show page

Security Controller (App\Tests\Controller\SecurityController)
 Ô£ö Login page
 Ô£ö Logout
 ÔÜá Registration page

There were 2 PHPUnit test runner warnings:

1) Class App\Tests\Controller\AbstractControllerTest declared in C:\Users\red68\Downloads\Mangatek\manga\tests\Controller\AbstractControllerTest.php is abstract

2) Class CommentaireControllerTest cannot be found in C:\Users\red68\Downloads\Mangatek\manga\tests\Controller\Api\CommentaireControllerTest.php

--

1 test triggered 3 deprecations:

1) C:\Users\red68\Downloads\Mangatek\manga\vendor\symfony\validator\Constraints\NotBlank.php:47
Since symfony/validator 7.3: Passing an array of options to configure the "Symfony\Component\Validator\Constraints\NotBlank" constraint is deprecated, use named arguments instead.

Triggered by:

* App\Tests\Controller\SecurityControllerTest::testRegistrationPage (3 times)
  C:\Users\red68\Downloads\Mangatek\manga\tests\Controller\SecurityControllerTest.php:50

2) C:\Users\red68\Downloads\Mangatek\manga\vendor\symfony\validator\Constraints\Length.php:88
Since symfony/validator 7.3: Passing an array of options to configure the "Symfony\Component\Validator\Constraints\Length" constraint is deprecated, use named arguments instead.

Triggered by:

* App\Tests\Controller\SecurityControllerTest::testRegistrationPage (2 times)
  C:\Users\red68\Downloads\Mangatek\manga\tests\Controller\SecurityControllerTest.php:50

3) C:\Users\red68\Downloads\Mangatek\manga\vendor\symfony\validator\Constraints\IsTrue.php:41
Since symfony/validator 7.3: Passing an array of options to configure the "Symfony\Component\Validator\Constraints\IsTrue" constraint is deprecated, use named arguments instead.

Triggered by:

* App\Tests\Controller\SecurityControllerTest::testRegistrationPage
  C:\Users\red68\Downloads\Mangatek\manga\tests\Controller\SecurityControllerTest.php:50

OK, but there were issues!
Tests: 5, Assertions: 8, PHPUnit Warnings: 2, Deprecations: 3.

4. TESTS DE FORMULAIRES:
PHPUnit 11.5.27 by Sebastian Bergmann and contributors.

Runtime:       PHP 8.2.18
Configuration: C:\Users\red68\Downloads\Mangatek\manga\phpunit.dist.xml

....                                                                4 / 4 (100%)

Time: 00:00.823, Memory: 36.00 MB

Oeuvre Type (App\Tests\Form\OeuvreType)
 Ô£ö Form creation
 Ô£ö Form default data
 Ô£ö Type choices
 Ô£ö Form attributes

OK (4 tests, 11 assertions)

5. TESTS DE REPOSITORY:
PHPUnit 11.5.27 by Sebastian Bergmann and contributors.

Runtime:       PHP 8.2.18
Configuration: C:\Users\red68\Downloads\Mangatek\manga\phpunit.dist.xml

...                                                                 3 / 3 (100%)

Time: 00:00.777, Memory: 34.00 MB

Oeuvre Repository (App\Tests\Repository\OeuvreRepository)
 Ô£ö Find by type
 Ô£ö Find by titre
 Ô£ö Find all with relations

OK (3 tests, 10 assertions)

=== VALIDATION COMPOSER ===
./composer.json is valid

=== AUDIT DE SECURITE ===
composer : No security vulnerability advisories found.
Au caractère C:\Users\red68\Downloads\Mangatek\manga\generate_test_report.ps1:63 : 1
+ composer audit 2>&1 | Out-File -FilePath $reportFile -Append -Encodin ...
+ ~~~~~~~~~~~~~~~~~~~
    + CategoryInfo          : NotSpecified: (No security vul...visories found.:String) [], RemoteException
    + FullyQualifiedErrorId : NativeCommandError
 

=== RESUME EXECUTIF ===
Tests rÃ©ussis: 6
Tests Ã©chouÃ©s: 0
Erreurs: 2
